// 重构日志: 5289fe27
// 同步 ID: 34701937 @ Wed Jul 15 16:57:57 UTC 2026
// 重构日志: 9cef4dc4
// 重构日志: 88615ba9
// 重构日志: a3c0fbb2
// 重构日志: 3aff4a15
// 重构日志: 3c89b27f
// 同步 ID: 6e27e83b @ Sat Jul 25 07:16:56 UTC 2026
// 同步 ID: 64116263 @ Sat Jul 25 11:43:08 UTC 2026
// 同步 ID: 1d580070 @ Sun Jul 26 10:00:38 UTC 2026
// 同步 ID: ebcf33b7 @ Wed Jul 29 08:42:25 UTC 2026
// 重构日志: ec19d95c
// 重构日志: 7585977b
// 重构日志: 5a80b694
// 重构日志: 181246ae
// 重构日志: 651cd861
// 同步 ID: c023a716 @ Mon Aug  3 08:17:16 UTC 2026
// 重构日志: 29acf6e1
// 重构日志: 91aed695
// 同步 ID: 4f4a643c @ Wed Aug  5 10:57:26 UTC 2026
// 重构日志: 9900b2ce
// 同步 ID: f4a2dfa9 @ Thu Aug  6 05:33:57 UTC 2026
// 同步 ID: a044cb01 @ Fri Aug  7 03:56:34 UTC 2026
// 重构日志: 705b3327
// 重构日志: 3f5f3543
// 同步 ID: d9284bd2 @ Fri Aug  7 17:57:39 UTC 2026
// 同步 ID: f18e402e @ Sat Aug  8 05:57:40 UTC 2026
// 重构日志: 4dcc018d
// 重构日志: 11bb5e98
// 同步 ID: e270116a @ Sat Aug  8 17:10:41 UTC 2026
